2026-10-06 16:14:38,288 INFO __main__ - Starting scraping pipeline
2026-10-06 16:14:38,293 INFO scrapers.books_scraper - Books page 1: https://books.toscrape.com/
2026-10-06 16:14:41,986 INFO scrapers.books_scraper - Books page 2: https://books.toscrape.com/catalogue/page-2.html
2026-10-06 16:14:45,636 INFO scrapers.books_scraper - Books page 3: https://books.toscrape.com/catalogue/page-3.html
2026-10-06 16:14:49,292 INFO scrapers.books_scraper - Books page 4: https://books.toscrape.com/catalogue/page-4.html
2026-10-06 16:14:52,953 INFO scrapers.books_scraper - Books page 5: https://books.toscrape.com/catalogue/page-5.html
2026-10-06 16:14:56,611 INFO scrapers.books_scraper - Books page 6: https://books.toscrape.com/catalogue/page-6.html
2026-10-06 16:15:00,261 INFO scrapers.books_scraper - Books page 7: https://books.toscrape.com/catalogue/page-7.html
2026-10-06 16:15:03,924 INFO scrapers.books_scraper - Books page 8: https://books.toscrape.com/catalogue/page-8.html
2026-10-06 16:15:07,561 INFO scrapers.books_scraper - Books page 9: https://books.toscrape.com/catalogue/page-9.html
2026-10-06 16:15:11,193 INFO scrapers.books_scraper - Books page 10: https://books.toscrape.com/catalogue/page-10.html
2026-10-06 16:15:14,853 INFO scrapers.books_scraper - Books page 11: https://books.toscrape.com/catalogue/page-11.html
2026-10-06 16:15:18,520 INFO scrapers.books_scraper - Books page 12: https://books.toscrape.com/catalogue/page-12.html
2026-10-06 16:15:22,198 INFO scrapers.books_scraper - Books page 13: https://books.toscrape.com/catalogue/page-13.html
2026-10-06 16:15:25,884 INFO scrapers.books_scraper - Books page 14: https://books.toscrape.com/catalogue/page-14.html
2026-10-06 16:15:29,526 INFO scrapers.books_scraper - Books page 15: https://books.toscrape.com/catalogue/page-15.html
2026-10-06 16:15:33,191 INFO scrapers.books_scraper - Books page 16: https://books.toscrape.com/catalogue/page-16.html
2026-10-06 16:15:36,820 INFO scrapers.books_scraper - Books page 17: https://books.toscrape.com/catalogue/page-17.html
2026-10-06 16:15:40,445 INFO scrapers.books_scraper - Books page 18: https://books.toscrape.com/catalogue/page-18.html
2026-10-06 16:15:44,079 INFO scrapers.books_scraper - Books page 19: https://books.toscrape.com/catalogue/page-19.html
2026-10-06 16:15:47,706 INFO scrapers.books_scraper - Books page 20: https://books.toscrape.com/catalogue/page-20.html
2026-10-06 16:15:51,331 INFO scrapers.books_scraper - Books page 21: https://books.toscrape.com/catalogue/page-21.html
2026-10-06 16:15:54,956 INFO scrapers.books_scraper - Books page 22: https://books.toscrape.com/catalogue/page-22.html
2026-10-06 16:15:58,587 INFO scrapers.books_scraper - Books page 23: https://books.toscrape.com/catalogue/page-23.html
2026-10-06 16:16:02,241 INFO scrapers.books_scraper - Books page 24: https://books.toscrape.com/catalogue/page-24.html
2026-10-06 16:16:05,856 INFO scrapers.books_scraper - Books page 25: https://books.toscrape.com/catalogue/page-25.html
2026-10-06 16:16:09,480 INFO scrapers.books_scraper - Books page 26: https://books.toscrape.com/catalogue/page-26.html
2026-10-06 16:16:13,114 INFO scrapers.books_scraper - Books page 27: https://books.toscrape.com/catalogue/page-27.html
2026-10-06 16:16:16,748 INFO scrapers.books_scraper - Books page 28: https://books.toscrape.com/catalogue/page-28.html
2026-10-06 16:16:20,378 INFO scrapers.books_scraper - Books page 29: https://books.toscrape.com/catalogue/page-29.html
2026-10-06 16:16:24,042 INFO scrapers.books_scraper - Books page 30: https://books.toscrape.com/catalogue/page-30.html
2026-10-06 16:16:27,682 INFO scrapers.books_scraper - Books page 31: https://books.toscrape.com/catalogue/page-31.html
2026-10-06 16:16:31,338 INFO scrapers.books_scraper - Books page 32: https://books.toscrape.com/catalogue/page-32.html
2026-10-06 16:16:34,971 INFO scrapers.books_scraper - Books page 33: https://books.toscrape.com/catalogue/page-33.html
2026-10-06 16:16:38,610 INFO scrapers.books_scraper - Books page 34: https://books.toscrape.com/catalogue/page-34.html
2026-10-06 16:16:42,218 INFO scrapers.books_scraper - Books page 35: https://books.toscrape.com/catalogue/page-35.html
2026-10-06 16:16:45,841 INFO scrapers.books_scraper - Books page 36: https://books.toscrape.com/catalogue/page-36.html
2026-10-06 16:16:49,452 INFO scrapers.books_scraper - Books page 37: https://books.toscrape.com/catalogue/page-37.html
2026-10-06 16:16:53,063 INFO scrapers.books_scraper - Books page 38: https://books.toscrape.com/catalogue/page-38.html
2026-10-06 16:16:56,685 INFO scrapers.books_scraper - Books page 39: https://books.toscrape.com/catalogue/page-39.html
2026-10-06 16:17:00,347 INFO scrapers.books_scraper - Books page 40: https://books.toscrape.com/catalogue/page-40.html
2026-10-06 16:17:03,963 INFO scrapers.books_scraper - Books page 41: https://books.toscrape.com/catalogue/page-41.html
2026-10-06 16:17:07,582 INFO scrapers.books_scraper - Books page 42: https://books.toscrape.com/catalogue/page-42.html
2026-10-06 16:17:11,189 INFO scrapers.books_scraper - Books page 43: https://books.toscrape.com/catalogue/page-43.html
2026-10-06 16:17:14,811 INFO scrapers.books_scraper - Books page 44: https://books.toscrape.com/catalogue/page-44.html
2026-10-06 16:17:18,430 INFO scrapers.books_scraper - Books page 45: https://books.toscrape.com/catalogue/page-45.html
2026-10-06 16:17:22,049 INFO scrapers.books_scraper - Books page 46: https://books.toscrape.com/catalogue/page-46.html
2026-10-06 16:17:25,689 INFO scrapers.books_scraper - Books page 47: https://books.toscrape.com/catalogue/page-47.html
2026-10-06 16:17:29,368 INFO scrapers.books_scraper - Books page 48: https://books.toscrape.com/catalogue/page-48.html
2026-10-06 16:17:32,995 INFO scrapers.books_scraper - Books page 49: https://books.toscrape.com/catalogue/page-49.html
2026-10-06 16:17:36,627 INFO scrapers.books_scraper - Books page 50: https://books.toscrape.com/catalogue/page-50.html
2026-10-06 16:17:40,249 INFO scrapers.quotes_scraper - Quotes page 1: https://quotes.toscrape.com/
2026-10-06 16:17:40,467 INFO scrapers.quotes_scraper - Quotes page 2: https://quotes.toscrape.com/page/2/
2026-10-06 16:17:40,641 INFO scrapers.quotes_scraper - Quotes page 3: https://quotes.toscrape.com/page/3/
2026-10-06 16:17:40,819 INFO scrapers.quotes_scraper - Quotes page 4: https://quotes.toscrape.com/page/4/
2026-10-06 16:17:40,992 INFO scrapers.quotes_scraper - Quotes page 5: https://quotes.toscrape.com/page/5/
2026-10-06 16:17:41,164 INFO scrapers.quotes_scraper - Quotes page 6: https://quotes.toscrape.com/page/6/
2026-10-06 16:17:41,336 INFO scrapers.quotes_scraper - Quotes page 7: https://quotes.toscrape.com/page/7/
2026-10-06 16:17:41,508 INFO scrapers.quotes_scraper - Quotes page 8: https://quotes.toscrape.com/page/8/
2026-10-06 16:17:41,688 INFO scrapers.quotes_scraper - Quotes page 9: https://quotes.toscrape.com/page/9/
2026-10-06 16:17:41,860 INFO scrapers.quotes_scraper - Quotes page 10: https://quotes.toscrape.com/page/10/
2026-10-06 16:17:42,034 INFO __main__ - Collected 1100 raw records
2026-10-06 16:17:42,110 INFO __main__ - Finished: 1099 unique valid records, 1 duplicates
2026-10-06 22:20:16,057 INFO __main__ - Starting scraping pipeline
2026-10-06 22:20:16,058 INFO scrapers.books_scraper - Books page 1: https://books.toscrape.com/
2026-10-06 22:20:32,661 INFO scrapers.books_scraper - Books page 2: https://books.toscrape.com/catalogue/page-2.html
2026-10-06 22:20:48,879 INFO scrapers.books_scraper - Books page 3: https://books.toscrape.com/catalogue/page-3.html
2026-10-06 22:21:07,067 INFO scrapers.books_scraper - Books page 4: https://books.toscrape.com/catalogue/page-4.html
2026-10-06 22:21:43,224 INFO scrapers.books_scraper - Books page 5: https://books.toscrape.com/catalogue/page-5.html
2026-10-06 22:22:05,253 INFO scrapers.books_scraper - Books page 6: https://books.toscrape.com/catalogue/page-6.html
2026-10-06 22:22:19,126 INFO scrapers.books_scraper - Books page 7: https://books.toscrape.com/catalogue/page-7.html
2026-10-06 22:22:38,107 INFO scrapers.books_scraper - Books page 8: https://books.toscrape.com/catalogue/page-8.html
2026-10-06 22:22:52,453 INFO scrapers.books_scraper - Books page 9: https://books.toscrape.com/catalogue/page-9.html
2026-10-06 22:23:08,780 INFO scrapers.books_scraper - Books page 10: https://books.toscrape.com/catalogue/page-10.html
2026-10-06 22:23:24,287 INFO scrapers.books_scraper - Books page 11: https://books.toscrape.com/catalogue/page-11.html
2026-10-06 22:23:44,218 INFO scrapers.books_scraper - Books page 12: https://books.toscrape.com/catalogue/page-12.html
2026-10-06 22:24:03,570 INFO scrapers.books_scraper - Books page 13: https://books.toscrape.com/catalogue/page-13.html
2026-10-06 22:24:22,256 INFO scrapers.books_scraper - Books page 14: https://books.toscrape.com/catalogue/page-14.html
2026-10-06 22:24:52,103 INFO scrapers.books_scraper - Books page 15: https://books.toscrape.com/catalogue/page-15.html
2026-10-06 22:25:12,944 INFO scrapers.books_scraper - Books page 16: https://books.toscrape.com/catalogue/page-16.html
2026-10-06 22:25:27,614 INFO scrapers.books_scraper - Books page 17: https://books.toscrape.com/catalogue/page-17.html
2026-10-06 22:25:44,318 INFO scrapers.books_scraper - Books page 18: https://books.toscrape.com/catalogue/page-18.html
2026-10-06 22:25:59,336 INFO scrapers.books_scraper - Books page 19: https://books.toscrape.com/catalogue/page-19.html
2026-10-06 22:26:13,606 INFO scrapers.books_scraper - Books page 20: https://books.toscrape.com/catalogue/page-20.html
2026-10-06 22:26:31,577 INFO scrapers.books_scraper - Books page 21: https://books.toscrape.com/catalogue/page-21.html
2026-10-06 22:26:49,083 INFO scrapers.books_scraper - Books page 22: https://books.toscrape.com/catalogue/page-22.html
2026-10-06 22:27:10,248 INFO scrapers.books_scraper - Books page 23: https://books.toscrape.com/catalogue/page-23.html
2026-10-06 22:27:24,195 INFO scrapers.books_scraper - Books page 24: https://books.toscrape.com/catalogue/page-24.html
2026-10-06 22:27:38,037 INFO scrapers.books_scraper - Books page 25: https://books.toscrape.com/catalogue/page-25.html
2026-10-06 22:27:52,671 INFO scrapers.books_scraper - Books page 26: https://books.toscrape.com/catalogue/page-26.html
2026-10-06 22:28:08,752 INFO scrapers.books_scraper - Books page 27: https://books.toscrape.com/catalogue/page-27.html
2026-10-06 22:28:22,530 INFO scrapers.books_scraper - Books page 28: https://books.toscrape.com/catalogue/page-28.html
2026-10-06 22:28:38,998 INFO scrapers.books_scraper - Books page 29: https://books.toscrape.com/catalogue/page-29.html
2026-10-06 22:28:51,799 INFO scrapers.books_scraper - Books page 30: https://books.toscrape.com/catalogue/page-30.html
2026-10-06 22:29:05,665 INFO scrapers.books_scraper - Books page 31: https://books.toscrape.com/catalogue/page-31.html
2026-10-06 22:29:20,405 INFO scrapers.books_scraper - Books page 32: https://books.toscrape.com/catalogue/page-32.html
2026-10-06 22:29:35,125 INFO scrapers.books_scraper - Books page 33: https://books.toscrape.com/catalogue/page-33.html
2026-10-06 22:29:49,827 INFO scrapers.books_scraper - Books page 34: https://books.toscrape.com/catalogue/page-34.html
2026-10-06 22:30:05,619 INFO scrapers.books_scraper - Books page 35: https://books.toscrape.com/catalogue/page-35.html
2026-10-06 22:30:20,852 INFO scrapers.books_scraper - Books page 36: https://books.toscrape.com/catalogue/page-36.html
2026-10-06 22:30:34,434 INFO scrapers.books_scraper - Books page 37: https://books.toscrape.com/catalogue/page-37.html
2026-10-06 22:30:49,055 INFO scrapers.books_scraper - Books page 38: https://books.toscrape.com/catalogue/page-38.html
2026-10-06 22:31:09,252 INFO scrapers.books_scraper - Books page 39: https://books.toscrape.com/catalogue/page-39.html
2026-10-06 22:31:29,052 INFO scrapers.books_scraper - Books page 40: https://books.toscrape.com/catalogue/page-40.html
2026-10-06 22:31:44,335 INFO scrapers.books_scraper - Books page 41: https://books.toscrape.com/catalogue/page-41.html
2026-10-06 22:31:59,148 INFO scrapers.books_scraper - Books page 42: https://books.toscrape.com/catalogue/page-42.html
2026-10-06 22:32:13,287 INFO scrapers.books_scraper - Books page 43: https://books.toscrape.com/catalogue/page-43.html
2026-10-06 22:32:27,857 INFO scrapers.books_scraper - Books page 44: https://books.toscrape.com/catalogue/page-44.html
2026-10-06 22:32:40,936 INFO scrapers.books_scraper - Books page 45: https://books.toscrape.com/catalogue/page-45.html
2026-10-06 22:32:53,648 INFO scrapers.books_scraper - Books page 46: https://books.toscrape.com/catalogue/page-46.html
2026-10-06 22:33:07,188 INFO scrapers.books_scraper - Books page 47: https://books.toscrape.com/catalogue/page-47.html
2026-10-06 22:33:21,298 INFO scrapers.books_scraper - Books page 48: https://books.toscrape.com/catalogue/page-48.html
2026-10-06 22:33:34,362 INFO scrapers.books_scraper - Books page 49: https://books.toscrape.com/catalogue/page-49.html
2026-10-06 22:33:49,039 INFO scrapers.books_scraper - Books page 50: https://books.toscrape.com/catalogue/page-50.html
2026-10-06 22:34:03,613 INFO scrapers.quotes_scraper - Quotes page 1: https://quotes.toscrape.com/
2026-10-06 22:34:06,161 INFO scrapers.quotes_scraper - Quotes page 2: https://quotes.toscrape.com/page/2/
2026-10-06 22:34:07,285 INFO scrapers.quotes_scraper - Quotes page 3: https://quotes.toscrape.com/page/3/
2026-10-06 22:34:08,112 INFO scrapers.quotes_scraper - Quotes page 4: https://quotes.toscrape.com/page/4/
2026-10-06 22:34:09,038 INFO scrapers.quotes_scraper - Quotes page 5: https://quotes.toscrape.com/page/5/
2026-10-06 22:34:09,953 INFO scrapers.quotes_scraper - Quotes page 6: https://quotes.toscrape.com/page/6/
2026-10-06 22:34:10,996 INFO scrapers.quotes_scraper - Quotes page 7: https://quotes.toscrape.com/page/7/
2026-10-06 22:34:11,924 INFO scrapers.quotes_scraper - Quotes page 8: https://quotes.toscrape.com/page/8/
2026-10-06 22:34:12,735 INFO scrapers.quotes_scraper - Quotes page 9: https://quotes.toscrape.com/page/9/
2026-10-06 22:34:13,570 INFO scrapers.quotes_scraper - Quotes page 10: https://quotes.toscrape.com/page/10/
2026-10-06 22:34:14,605 INFO __main__ - Collected 1100 raw records
2026-10-06 22:34:14,734 INFO __main__ - Finished: 1099 unique valid records, 1 duplicates
